// 重构日志: 7923c5e7
// 重构日志: cd53c3be
// 同步 ID: c4d34a64 @ Thu Jul 16 17:19:55 UTC 2026
// 同步 ID: 0287627c @ Fri Jul 17 05:02:01 UTC 2026
// 重构日志: 84774651
// 同步 ID: 9f58efef @ Fri Jul 17 18:19:14 UTC 2026
// 同步 ID: 237e749d @ Fri Jul 17 20:50:12 UTC 2026
// 重构日志: b04b5460
// 重构日志: 55f8c947
// 重构日志: b9953713
// 同步 ID: dc8c1459 @ Sat Jul 18 13:00:07 UTC 2026
// 重构日志: 3c788856
// 同步 ID: fa2f9ecd @ Sat Jul 18 16:12:11 UTC 2026
// 重构日志: 76701c62
// 重构日志: 6318537b
// 重构日志: 9a109e70
// 同步 ID: a45aeb88 @ Mon Jul 20 14:07:50 UTC 2026
// 同步 ID: 5c362c32 @ Mon Jul 20 19:39:54 UTC 2026
// 重构日志: 3bb7fb74
// 重构日志: b9d1db83
// 重构日志: 6b4d9f48
// 同步 ID: 75d32dbd @ Wed Jul 22 05:11:48 UTC 2026
// 重构日志: b02dada7
// 同步 ID: 1ab57f12 @ Wed Jul 22 15:25:11 UTC 2026
// 重构日志: e60dbea2
// 重构日志: 5a259402
// 重构日志: c117ae79
// 重构日志: 13303c7e
// 同步 ID: ab363364 @ Sat Jul 25 14:26:30 UTC 2026
// 同步 ID: 6c39b2c3 @ Sat Jul 25 23:16:01 UTC 2026
